
> workpulse-web@0.1.0 dev
> next dev -p 3001

 ⨯ Failed to start server
Error: listen EADDRINUSE: address already in use :::3001
    at <unknown> (Error: listen EADDRINUSE: address already in use :::3001)
    at new Promise (<anonymous>) {
  code: 'EADDRINUSE',
  errno: -4091,
  syscall: 'listen',
  address: '::',
  port: 3001
}
node:events:497
      throw er; // Unhandled 'error' event
      ^

Error: EPERM: operation not permitted, open 'C:\Users\Inyangu\Desktop\Projects\Clock-in-App\workpulse-web\.next\trace'
Emitted 'error' event on WriteStream instance at:
    at emitErrorNT (node:internal/streams/destroy:169:8)
    at emitErrorCloseNT (node:internal/streams/destroy:128:3)
    at process.processTicksAndRejections (node:internal/process/task_queues:82:21) {
  errno: -4048,
  code: 'EPERM',
  syscall: 'open',
  path: 'C:\\Users\\Inyangu\\Desktop\\Projects\\Clock-in-App\\workpulse-web\\.next\\trace'
}

Node.js v20.16.0
